instagram.com
cdninstagram.com
fbcdn.net
i.instagram.com
youtube.com
youtu.be
googleapis.com
googlevideo.com
i.ytimg.com
i9.ytimg.com
yt3.ggpht.com
yt3.googleusercontent.com
yt4.ggpht.com
yt4.googleusercontent.com
gvt1.com
gstatic.com
youtube-ui.l.google.com
ytimg.l.google.com
ytstatic.l.google.com
www.cust-service.com
www.instagram.com
m.facebook.com
z-m-static.xx.fbcdn.net
static.xx.fbcdn.net
cloudflare-ech.com
cdn.localizeapi.com
mqtt-mini.facebook.com
m.instagram.com
www.googleadservices.com
googleads.g.doubleclick.net
instagram.fura3-1.fna.fbcdn.net
web.facebook.com
edge-mqtt.facebook.com
scontent.fura3-1.fna.fbcdn.net
edge-mqtt-fallback.facebook.com
static.doubleclick.net
pubads.g.doubleclick.net
lr.cust-service.com
api.instagram.com
autodiscover.instagram.com
black.instagram.com
blog.business.instagram.com
blog.instagram.com
business.instagram.com
community.instagram.com
developers.instagram.com
edge-chat.instagram.com
help.instagram.com
hyperlapse.instagram.com
images.instagram.com
l.instagram.com
instagram.fsaw1-13.fna.fbcdn.net
maps.instagram.com
scontent-ams4-1.cdninstagram.com
scontent-vie1-1.cdninstagram.com
scontent.cdninstagram.com
static.cdninstagram.com
upload.instagram.com
video.cdninstagram.com
white.instagram.com
scontent.xx.fbcdn.net
facebook.com
securepubads.g.doubleclick.net
github.ru
github.com
github.io
connect.facebook.net
wide-youtube.l.google.com
withyoutube.com
youtube-nocookie.com
youtube.am
youtube.bg
youtube.googleapis.com
youtube.ru
youtubeeducation.com
youtubeembeddedplayer.googleapis.com
youtubefanfest.com
youtubegaming.com
youtubei.googleapis.com
youtubekids.com
youtubemobilesupport.com
ytimg.com
content.cdn.viber.com
abff.viber.com
pg.cdn.viber.com
media.cdn.viber.com
dl-media.viber.com
vb-gae-front.ey.r.appspot.com
acr.amplreq.com
abtest.api.viber.com
explore.api.viber.com
aws.amazon.com
www.reddit.com
data-events.cdn.viber.com
duckduckgo.com
stackoverflow.com
vp.cdn.viber.com
web.whatsapp.com
stats.g.doubleclick.net
instagram.fkiv7-1.fna.fbcdn.net
ru.resolver.msg.global.xiaomi.net
bookstagram.com
carstagram.com
chickstagram.com
ig.me
igcdn.com
igsonar.com
igtv.com
imstagram.com
imtagram.com
instaadder.com
instachecker.com
instafallow.com
instafollower.com
instagainer.com
instagda.com
instagify.com
instagmania.com
instagor.com
instagram-brand.com
instagram-engineering.com
instagram-help.com
instagram-press.com
instagram-press.net
instagramhashtags.net
instagramhilecim.com
instagramhilesi.org
instagramium.com
instagramizlenme.com
instagramkusu.com
instagramlogin.com
instagrampartners.com
instagramphoto.com
instagramq.com
instagramsepeti.com
instagramtips.com
instagramtr.com
instagy.com
instamgram.com
instanttelegram.com
instaplayer.net
instastyle.tv
instgram.com
oninstagram.com
online-instagram.com
onlineinstagram.com
web-instagram.net
wwwinstagram.com
scontent-hel3-1.cdninstagram.com
discord.com
gateway.discord.gg
cdn.discordapp.com
discordapp.net
discordapp.com
discord.gg
media.discordapp.net
images-ext-1.discordapp.net
discord.app
discord.media
discordcdn.com
discord.dev
discord.new
discord.gift
discordstatus.com
dis.gd
discord.co
discord-attachments-uploads-prd.storage.googleapis.com
cloudflare-ech.com
